app/(dashboard)/settings/analytics/page.tsx(352,7): error TS2322: Type '{ id: string; credits_used: number; download_count: number | null; generation_time_ms: number | null; vertical: string | null; ai_model: string; created_at: string; creative_type: string; }[]' is not assignable to type '{ ai_model: string; ai_model_id: string | null; created_at: string; created_by: string | null; creative_type: string; credits_used: number; download_count: number | null; expires_at: string | null; ... 12 more ...; vertical: string | null; }[]'.
  Type '{ id: string; credits_used: number; download_count: number | null; generation_time_ms: number | null; vertical: string | null; ai_model: string; created_at: string; creative_type: string; }' is missing the following properties from type '{ ai_model: string; ai_model_id: string | null; created_at: string; created_by: string | null; creative_type: string; credits_used: number; download_count: number | null; expires_at: string | null; ... 12 more ...; vertical: string | null; }': ai_model_id, created_by, expires_at, form_data, and 9 more.
app/api/suggest-typography/route.ts(145,61): error TS2339: Property 'errors' does not exist on type 'ZodError<{ context: { eventType: string; verticalSlug: string; formatId: string; audience?: string | undefined; brandColors?: string[] | undefined; hasSpeakerPhoto?: boolean | undefined; }; targetLevel?: "AA" | ... 1 more ... | undefined; }>'.
app/api/suggest-typography/route.ts(145,72): error TS7006: Parameter 'e' implicitly has an 'any' type.
components/create/logo-step/logo-library-section.tsx(138,45): error TS2322: Type 'number | LogoSizePreset' is not assignable to type 'string | undefined'.
  Type 'number' is not assignable to type 'string'.
components/create/multi-speaker-input.tsx(120,26): error TS2353: Object literal may only specify known properties, and 'enabled' does not exist in type 'Partial<SharedSettings>'.
components/create/multi-speaker-input.tsx(154,26): error TS2353: Object literal may only specify known properties, and 'enabled' does not exist in type 'Partial<SharedSettings>'.
components/create/styling-step/styling-step.tsx(130,17): error TS2322: Type '{ selectedTheme: string; onThemeChange: (theme: string) => void; aiSuggestions: AIDesignSuggestion[]; defaultOpen: boolean; }' is not assignable to type 'IntrinsicAttributes & ThemeSectionProps'.
  Property 'defaultOpen' does not exist on type 'IntrinsicAttributes & ThemeSectionProps'.
components/create/styling-step/styling-step.tsx(144,17): error TS2322: Type '{ colorConfig: ColorConfig; brandColors: BrandColors | undefined; onToggleBrandColors: (enabled: boolean) => void; onSelectPalette: (paletteId: string | null) => void; onCustomColorChange: (colors: CustomColors) => void; colorMood: string; defaultOpen: boolean; }' is not assignable to type 'IntrinsicAttributes & ColorSectionProps'.
  Property 'defaultOpen' does not exist on type 'IntrinsicAttributes & ColorSectionProps'.
components/create/styling-step/styling-step.tsx(155,17): error TS2322: Type '{ selectedStyle: string; onStyleChange: (style: string) => void; aiSuggestions: AIDesignSuggestion[]; defaultOpen: boolean; }' is not assignable to type 'IntrinsicAttributes & StyleSectionProps'.
  Property 'defaultOpen' does not exist on type 'IntrinsicAttributes & StyleSectionProps'.
components/create/styling-step/styling-step.tsx(166,17): error TS2322: Type '{ typography: TypographyConfig; brandFont: string | undefined; onTypographyChange: (typography: Partial<TypographyConfig>) => void; defaultOpen: boolean; }' is not assignable to type 'IntrinsicAttributes & TypographySectionProps'.
  Property 'defaultOpen' does not exist on type 'IntrinsicAttributes & TypographySectionProps'.
components/create/styling-step/styling-step.tsx(177,17): error TS2322: Type '{ selectedResolution: ResolutionId; onResolutionChange: (resolution: ResolutionId) => void; aspectRatio: AspectRatioId; defaultOpen: boolean; }' is not assignable to type 'IntrinsicAttributes & QualitySectionProps'.
  Property 'defaultOpen' does not exist on type 'IntrinsicAttributes & QualitySectionProps'.
lib/prompts/services/yi-prompt-builder/format-builders/event-poster.ts(200,40): error TS2339: Property 'energy' does not exist on type 'VibeAndMood'.
lib/prompts/services/yi-prompt-builder/format-builders/event-poster.ts(410,12): error TS2339: Property 'customFields' does not exist on type 'EventPosterFormData'.
lib/prompts/services/yi-prompt-builder/format-builders/event-poster.ts(410,45): error TS2339: Property 'customFields' does not exist on type 'EventPosterFormData'.
lib/prompts/services/yi-prompt-builder/format-builders/event-poster.ts(411,63): error TS2339: Property 'customFields' does not exist on type 'EventPosterFormData'.
lib/prompts/services/yi-prompt-builder/format-builders/event-poster.ts(412,36): error TS2339: Property 'trim' does not exist on type '{}'.
lib/prompts/services/yi-prompt-builder/format-builders/event-poster.ts(414,46): error TS2339: Property 'trim' does not exist on type '{}'.
lib/prompts/services/yi-prompt-builder/format-builders/instagram.ts(73,103): error TS2345: Argument of type 'string' is not assignable to parameter of type 'ResolvedColors'.
lib/prompts/services/yi-prompt-builder/format-builders/instagram.ts(83,5): error TS2322: Type 'string | undefined' is not assignable to type 'string'.
  Type 'undefined' is not assignable to type 'string'.
lib/prompts/services/yi-prompt-builder/format-builders/instagram.ts(103,83): error TS2345: Argument of type 'string' is not assignable to parameter of type 'ResolvedColors'.
lib/prompts/services/yi-prompt-builder/format-builders/linkedin.ts(57,103): error TS2345: Argument of type 'string' is not assignable to parameter of type 'ResolvedColors'.
lib/prompts/services/yi-prompt-builder/format-builders/linkedin.ts(81,83): error TS2345: Argument of type 'string' is not assignable to parameter of type 'ResolvedColors'.
lib/prompts/services/yi-prompt-builder/format-builders/presentation.ts(92,103): error TS2345: Argument of type 'string' is not assignable to parameter of type 'ResolvedColors'.
lib/prompts/services/yi-prompt-builder/format-builders/presentation.ts(116,83): error TS2345: Argument of type 'string' is not assignable to parameter of type 'ResolvedColors'.
lib/prompts/services/yi-prompt-builder/format-builders/social-post.ts(55,103): error TS2345: Argument of type 'string' is not assignable to parameter of type 'ResolvedColors'.
lib/prompts/services/yi-prompt-builder/format-builders/social-post.ts(88,83): error TS2345: Argument of type 'string' is not assignable to parameter of type 'ResolvedColors'.
lib/prompts/services/yi-prompt-builder/format-builders/story.ts(98,103): error TS2345: Argument of type 'string' is not assignable to parameter of type 'ResolvedColors'.
lib/prompts/services/yi-prompt-builder/format-builders/story.ts(121,83): error TS2345: Argument of type 'string' is not assignable to parameter of type 'ResolvedColors'.
lib/prompts/services/yi-prompt-builder/format-builders/web-banner.ts(112,103): error TS2345: Argument of type 'string' is not assignable to parameter of type 'ResolvedColors'.
lib/prompts/services/yi-prompt-builder/format-builders/web-banner.ts(135,83): error TS2345: Argument of type 'string' is not assignable to parameter of type 'ResolvedColors'.
lib/services/api-usage.ts(406,54): error TS2345: Argument of type '(r: ApiUsageRow) => { id: string; createdAt: string; requestType: string; provider: string; model: string; costUsd: number; inputTokens: number; outputTokens: number; }' is not assignable to parameter of type '(value: { provider: string; request_type: string; model: string; estimated_cost_usd: number | null; input_tokens: number | null; output_tokens: number | null; cached_tokens: number | null; image_count: number | null; created_at: string; duration_ms: number | null; success: boolean | null; }, index: number, array: { ...'.
  Types of parameters 'r' and 'value' are incompatible.
    Type '{ provider: string; request_type: string; model: string; estimated_cost_usd: number | null; input_tokens: number | null; output_tokens: number | null; cached_tokens: number | null; image_count: number | null; created_at: string; duration_ms: number | null; success: boolean | null; }' is missing the following properties from type '{ cached_tokens: number | null; created_at: string; creative_id: string | null; duration_ms: number | null; error_message: string | null; estimated_cost_usd: number | null; id: string; ... 10 more ...; user_id: string | null; }': creative_id, error_message, id, metadata, and 3 more.
lib/utils/color-verification.ts(163,50): error TS2345: Argument of type 'Buffer<ArrayBufferLike>' is not assignable to parameter of type 'Uint8ClampedArray<ArrayBufferLike>'.
  The types of 'filter(...).findLast' are incompatible between these types.
    Type '{ <S extends number>(predicate: (value: number, index: number, array: Uint8Array<ArrayBuffer>) => value is S, thisArg?: any): S | undefined; (predicate: (value: number, index: number, array: Uint8Array<...>) => unknown, thisArg?: any): number | undefined; }' is not assignable to type '{ <S extends number>(predicate: (value: number, index: number, array: Uint8ClampedArray<ArrayBuffer>) => value is S, thisArg?: any): S | undefined; (predicate: (value: number, index: number, array: Uint8ClampedArray<...>) => unknown, thisArg?: any): number | undefined; }'.
      Types of parameters 'predicate' and 'predicate' are incompatible.
        Type '(value: number, index: number, array: Uint8ClampedArray<ArrayBuffer>) => unknown' is not assignable to type '(value: number, index: number, array: Uint8Array<ArrayBuffer>) => value is any'.
          Signature '(value: number, index: number, array: Uint8ClampedArray<ArrayBuffer>): unknown' must be a type predicate.
